https://pgl.yoyo.org/adservers/serverlist.php?hostformat=hosts&showintro=0&mimetype=plaintext
https://ransomwaretracker.abuse.ch/downloads/TC_C2_DOMBL.txt
https://ransomwaretracker.abuse.ch/downloads/TC_PS_DOMBL.txt
https://raw.githubusercontent.com/BreakingTheNews/BreakingTheNews.github.io/master/hosts
https://raw.githubusercontent.com/Dawsey21/Lists/master/main-blacklist.txt
https://raw.githubusercontent.com/Hakame-kun/uBlock-Filters-Indonesia/master/uBlock%20Indo/ubindo.txt
https://raw.githubusercontent.com/HenningVanRaumle/pihole-ytadblock/master/ytadblock.txt
https://raw.githubusercontent.com/Yhonay/antipopads/master/popads.txt
https://raw.githubusercontent.com/anudeepND/youtubeadsblacklist/master/domainlist.txt
https://raw.githubusercontent.com/bkrcrc/turk-adlist/master/hosts
https://raw.githubusercontent.com/crazy-max/WindowsSpyBlocker/master/data/hosts/spy.txt
https://raw.githubusercontent.com/crazy-max/WindowsSpyBlocker/master/data/hosts/win81/spy.txt
https://raw.githubusercontent.com/gioxx/xfiles/master/siteblock.txt
https://raw.githubusercontent.com/ilyakatz/adblock_filters/master/inpage_popups.txt
https://raw.githubusercontent.com/liamja/Prebake/master/obtrusive.txt
https://raw.githubusercontent.com/lightswitch05/hosts/master/docs/lists/ads-and-tracking-extended.txthttps://raw.githubusercontent.com/lightswitch05/hosts/master/docs/lists/tracking-aggressive-extended.txthttps://raw.githubusercontent.com/lightswitch05/hosts/master/docs/lists/amp-hosts-extended.txthttps://raw.githubusercontent.com/k2jp/abp-japanese-filters/master/abpjf.txt
https://raw.githubusercontent.com/thoughtconverge/abf/master/abf.txt
https://raw.githubusercontent.com/tyzbit/hosts/master/data/tyzbit/hosts
https://raw.githubusercontent.com/uBlockOrigin/uAssets/master/filters/privacy.txt
https://raw.githubusercontent.com/xorcan/hosts/master/xhosts.txt
https://v.firebog.net/hosts/Admiral.txthttps://easylist-downloads.adblockplus.org/adwarefilters.txt
https://pgl.yoyo.org/adservers/serverlist.php?hostformat=hosts&showintro=0&mimetype=plaintext
https://ransomwaretracker.abuse.ch/downloads/TC_C2_DOMBL.txt
https://ransomwaretracker.abuse.ch/downloads/TC_PS_DOMBL.txt
https://raw.githubusercontent.com/BreakingTheNews/BreakingTheNews.github.io/master/hosts
https://raw.githubusercontent.com/Dawsey21/Lists/master/main-blacklist.txt
https://raw.githubusercontent.com/Hakame-kun/uBlock-Filters-Indonesia/master/uBlock%20Indo/ubindo.txt
https://raw.githubusercontent.com/HenningVanRaumle/pihole-ytadblock/master/ytadblock.txt
https://raw.githubusercontent.com/Yhonay/antipopads/master/popads.txt
https://raw.githubusercontent.com/anudeepND/youtubeadsblacklist/master/domainlist.txt
https://raw.githubusercontent.com/bkrcrc/turk-adlist/master/hosts
https://raw.githubusercontent.com/crazy-max/WindowsSpyBlocker/master/data/hosts/spy.txt
https://raw.githubusercontent.com/crazy-max/WindowsSpyBlocker/master/data/hosts/win81/spy.txt
https://raw.githubusercontent.com/gioxx/xfiles/master/siteblock.txt
https://raw.githubusercontent.com/ilyakatz/adblock_filters/master/inpage_popups.txt
https://raw.githubusercontent.com/liamja/Prebake/master/obtrusive.txt
https://raw.githubusercontent.com/lightswitch05/hosts/master/docs/lists/ads-and-tracking-extended.txthttps://raw.githubusercontent.com/lightswitch05/hosts/master/docs/lists/tracking-aggressive-extended.txthttps://raw.githubusercontent.com/lightswitch05/hosts/master/docs/lists/amp-hosts-extended.txthttps://raw.githubusercontent.com/k2jp/abp-japanese-filters/master/abpjf.txt
https://raw.githubusercontent.com/thoughtconverge/abf/master/abf.txt
https://raw.githubusercontent.com/tyzbit/hosts/master/data/tyzbit/hosts
https://raw.githubusercontent.com/uBlockOrigin/uAssets/master/filters/privacy.txt
https://raw.githubusercontent.com/xorcan/hosts/master/xhosts.txt
https://v.firebog.net/hosts/Admiral.txthttps://easylist-downloads.adblockplus.org/adwarefilters.txt
https://pgl.yoyo.org/adservers/serverlist.php?hostformat=hosts&showintro=0&mimetype=plaintext
https://ransomwaretracker.abuse.ch/downloads/TC_C2_DOMBL.txt
https://ransomwaretracker.abuse.ch/downloads/TC_PS_DOMBL.txt
https://raw.githubusercontent.com/BreakingTheNews/BreakingTheNews.github.io/master/hosts
https://raw.githubusercontent.com/Dawsey21/Lists/master/main-blacklist.txt
https://raw.githubusercontent.com/Hakame-kun/uBlock-Filters-Indonesia/master/uBlock%20Indo/ubindo.txt
https://raw.githubusercontent.com/HenningVanRaumle/pihole-ytadblock/master/ytadblock.txt
https://raw.githubusercontent.com/Yhonay/antipopads/master/popads.txt
https://raw.githubusercontent.com/anudeepND/youtubeadsblacklist/master/domainlist.txt
https://raw.githubusercontent.com/bkrcrc/turk-adlist/master/hosts
https://raw.githubusercontent.com/crazy-max/WindowsSpyBlocker/master/data/hosts/spy.txt
https://raw.githubusercontent.com/crazy-max/WindowsSpyBlocker/master/data/hosts/win81/spy.txt
https://raw.githubusercontent.com/gioxx/xfiles/master/siteblock.txt
https://raw.githubusercontent.com/ilyakatz/adblock_filters/master/inpage_popups.txt
https://raw.githubusercontent.com/liamja/Prebake/master/obtrusive.txt
https://raw.githubusercontent.com/lightswitch05/hosts/master/docs/lists/ads-and-tracking-extended.txthttps://raw.githubusercontent.com/lightswitch05/hosts/master/docs/lists/tracking-aggressive-extended.txthttps://raw.githubusercontent.com/lightswitch05/hosts/master/docs/lists/amp-hosts-extended.txthttps://raw.githubusercontent.com/k2jp/abp-japanese-filters/master/abpjf.txt
https://raw.githubusercontent.com/thoughtconverge/abf/master/abf.txt
https://raw.githubusercontent.com/tyzbit/hosts/master/data/tyzbit/hosts
https://raw.githubusercontent.com/uBlockOrigin/uAssets/master/filters/privacy.txt
https://raw.githubusercontent.com/xorcan/hosts/master/xhosts.txt
https://v.firebog.net/hosts/Admiral.txthttps://easylist-downloads.adblockplus.org/adwarefilters.txt
