https://ransomwaretracker.abuse.ch/downloads/TC_C2_DOMBL.txt
https://raw.githubusercontent.com/BreakingTheNews/BreakingTheNews.github.io/master/hosts
https://raw.githubusercontent.com/Yhonay/antipopads/master/popads.txt
https://raw.githubusercontent.com/anudeepND/youtubeadsblacklist/master/domainlist.txt
https://raw.githubusercontent.com/bkrcrc/turk-adlist/master/hosts
https://raw.githubusercontent.com/gioxx/xfiles/master/siteblock.txt
https://raw.githubusercontent.com/ilyakatz/adblock_filters/master/inpage_popups.txt
https://raw.githubusercontent.com/lightswitch05/hosts/master/docs/lists/tracking-aggressive-extended.txthttps://raw.githubusercontent.com/lightswitch05/hosts/master/docs/lists/amp-hosts-extended.txthttps://raw.githubusercontent.com/uBlockOrigin/uAssets/master/filters/privacy.txt
https://raw.githubusercontent.com/xorcan/hosts/master/xhosts.txt
https://ransomwaretracker.abuse.ch/downloads/TC_C2_DOMBL.txt
https://raw.githubusercontent.com/BreakingTheNews/BreakingTheNews.github.io/master/hosts
https://raw.githubusercontent.com/Yhonay/antipopads/master/popads.txt
https://raw.githubusercontent.com/anudeepND/youtubeadsblacklist/master/domainlist.txt
https://raw.githubusercontent.com/bkrcrc/turk-adlist/master/hosts
https://raw.githubusercontent.com/gioxx/xfiles/master/siteblock.txt
https://raw.githubusercontent.com/ilyakatz/adblock_filters/master/inpage_popups.txt
https://raw.githubusercontent.com/lightswitch05/hosts/master/docs/lists/tracking-aggressive-extended.txthttps://raw.githubusercontent.com/lightswitch05/hosts/master/docs/lists/amp-hosts-extended.txthttps://raw.githubusercontent.com/uBlockOrigin/uAssets/master/filters/privacy.txt
https://raw.githubusercontent.com/xorcan/hosts/master/xhosts.txt
https://ransomwaretracker.abuse.ch/downloads/TC_C2_DOMBL.txt
https://raw.githubusercontent.com/BreakingTheNews/BreakingTheNews.github.io/master/hosts
https://raw.githubusercontent.com/Yhonay/antipopads/master/popads.txt
https://raw.githubusercontent.com/anudeepND/youtubeadsblacklist/master/domainlist.txt
https://raw.githubusercontent.com/bkrcrc/turk-adlist/master/hosts
https://raw.githubusercontent.com/gioxx/xfiles/master/siteblock.txt
https://raw.githubusercontent.com/ilyakatz/adblock_filters/master/inpage_popups.txt
https://raw.githubusercontent.com/lightswitch05/hosts/master/docs/lists/tracking-aggressive-extended.txthttps://raw.githubusercontent.com/lightswitch05/hosts/master/docs/lists/amp-hosts-extended.txthttps://raw.githubusercontent.com/uBlockOrigin/uAssets/master/filters/privacy.txt
https://raw.githubusercontent.com/xorcan/hosts/master/xhosts.txt
